
> crypto-social-tracker@0.1.0 test
> vitest --run --reporter=verbose


[1m[46m RUN [49m[22m [36mv4.0.16 [39m[90mC:/Users/MOHAMED ENDISH/Desktop/crypto-social-tracker[39m

 [32mظ£ô[39m src/utils/__tests__/contentModeration.test.ts[2m > [22mContent Moderation[2m > [22mcontainsProfanity[2m > [22mshould detect profanity in text[32m 2[2mms[22m[39m
 [32mظ£ô[39m src/utils/__tests__/contentModeration.test.ts[2m > [22mContent Moderation[2m > [22mcontainsProfanity[2m > [22mshould detect profanity with mixed case[32m 1[2mms[22m[39m
 [32mظ£ô[39m src/utils/__tests__/contentModeration.test.ts[2m > [22mContent Moderation[2m > [22mcontainsProfanity[2m > [22mshould allow clean content[32m 1[2mms[22m[39m
 [32mظ£ô[39m src/utils/__tests__/contentModeration.test.ts[2m > [22mContent Moderation[2m > [22mcontainsProfanity[2m > [22mshould allow empty string[32m 0[2mms[22m[39m
 [32mظ£ô[39m src/utils/__tests__/contentModeration.test.ts[2m > [22mContent Moderation[2m > [22mcontainsProfanity[2m > [22mshould detect profanity in longer text[32m 0[2mms[22m[39m
 [32mظ£ô[39m src/utils/__tests__/contentModeration.test.ts[2m > [22mContent Moderation[2m > [22mfindProfanity[2m > [22mshould find profanity words in text[32m 1[2mms[22m[39m
 [32mظ£ô[39m src/utils/__tests__/contentModeration.test.ts[2m > [22mContent Moderation[2m > [22mfindProfanity[2m > [22mshould return empty array for clean text[32m 1[2mms[22m[39m
 [32mظ£ô[39m src/utils/__tests__/contentModeration.test.ts[2m > [22mContent Moderation[2m > [22mcensorText[2m > [22mshould replace profanity with asterisks[32m 1[2mms[22m[39m
 [32mظ£ô[39m src/utils/__tests__/contentModeration.test.ts[2m > [22mContent Moderation[2m > [22mcensorText[2m > [22mshould return clean text unchanged[32m 0[2mms[22m[39m
 [32mظ£ô[39m src/utils/__tests__/contentModeration.test.ts[2m > [22mContent Moderation[2m > [22mmoderateContent[2m > [22mshould detect inappropriate text[32m 0[2mms[22m[39m
 [32mظ£ô[39m src/utils/__tests__/contentModeration.test.ts[2m > [22mContent Moderation[2m > [22mmoderateContent[2m > [22mshould allow clean content[32m 0[2mms[22m[39m
 [32mظ£ô[39m src/utils/__tests__/contentModeration.test.ts[2m > [22mContent Moderation[2m > [22mmoderateContent[2m > [22mshould detect inappropriate filename[32m 0[2mms[22m[39m
 [32mظ£ô[39m src/utils/__tests__/contentModeration.test.ts[2m > [22mContent Moderation[2m > [22mmoderateContent[2m > [22mshould detect suspicious filename[32m 0[2mms[22m[39m
 [32mظ£ô[39m src/components/__tests__/LoadingSpinner.test.tsx[2m > [22mLoadingSpinner Component[2m > [22mshould render spinner element[32m 85[2mms[22m[39m
 [32mظ£ô[39m src/services/__tests__/cryptoApi.test.ts[2m > [22mCryptoAPI Service[2m > [22mfetchMarketData[2m > [22mshould be defined[32m 1[2mms[22m[39m
 [32mظ£ô[39m src/services/__tests__/cryptoApi.test.ts[2m > [22mCryptoAPI Service[2m > [22mfetchMarketData[2m > [22mshould return a promise[32m 59[2mms[22m[39m
 [32mظ£ô[39m src/components/__tests__/LoadingSpinner.test.tsx[2m > [22mLoadingSpinner Component[2m > [22mshould render with custom message[32m 30[2mms[22m[39m
 [32mظ£ô[39m src/components/__tests__/LoadingSpinner.test.tsx[2m > [22mLoadingSpinner Component[2m > [22mshould render without message by default[32m 8[2mms[22m[39m
 [32mظ£ô[39m src/components/__tests__/LoadingSpinner.test.tsx[2m > [22mLoadingSpinner Component[2m > [22mshould render with small size[32m 132[2mms[22m[39m
 [32mظ£ô[39m src/components/__tests__/LoadingSpinner.test.tsx[2m > [22mLoadingSpinner Component[2m > [22mshould render with medium size by default[32m 24[2mms[22m[39m
 [32mظ£ô[39m src/components/__tests__/LoadingSpinner.test.tsx[2m > [22mLoadingSpinner Component[2m > [22mshould render with large size[32m 16[2mms[22m[39m
 [32mظ£ô[39m src/components/__tests__/LoadingSpinner.test.tsx[2m > [22mLoadingSpinner Component[2m > [22mshould render fullScreen mode[32m 9[2mms[22m[39m
 [32mظ£ô[39m src/components/__tests__/LoadingSpinner.test.tsx[2m > [22mLoadingSpinner Component[2m > [22mshould not render fullScreen mode by default[32m 5[2mms[22m[39m
 [32mظ£ô[39m src/components/__tests__/ConfirmModal.test.tsx[2m > [22mConfirmModal Component[2m > [22mshould render modal with title and message[32m 129[2mms[22m[39m
 [32mظ£ô[39m src/components/__tests__/ConfirmModal.test.tsx[2m > [22mConfirmModal Component[2m > [22mshould not render when isOpen is false[32m 3[2mms[22m[39m
 [32mظ£ô[39m src/components/__tests__/ConfirmModal.test.tsx[2m > [22mConfirmModal Component[2m > [22mshould call onConfirm and onClose when confirm button is clicked[32m 200[2mms[22m[39m
 [32mظ£ô[39m src/components/__tests__/ConfirmModal.test.tsx[2m > [22mConfirmModal Component[2m > [22mshould call onClose when cancel button is clicked[32m 94[2mms[22m[39m
 [32mظ£ô[39m src/components/__tests__/ConfirmModal.test.tsx[2m > [22mConfirmModal Component[2m > [22mshould render with custom button labels[32m 38[2mms[22m[39m

[2m Test Files [22m [1m[32m4 passed[39m[22m[90m (4)[39m
[2m      Tests [22m [1m[32m28 passed[39m[22m[90m (28)[39m
[2m   Start at [22m 22:36:03
[2m   Duration [22m 2.39s[2m (transform 219ms, setup 1.30s, import 435ms, tests 852ms, environment 4.47s)[22m

